../Core/Src/osd.c:26:6:osd_write	24	static
../Core/Src/osd.c:36:6:osd_upload_custom_char	24	static
../Core/Src/osd.c:50:6:osd_print_custom_char	24	static
../Core/Src/osd.c:56:6:osd_print_text	24	static
../Core/Src/osd.c:65:6:osd_all_char	16	static
../Core/Src/osd.c:86:6:osd_wait_writeNVM	16	static
../Core/Src/osd.c:93:6:osd_write_one_char_to_font	24	static
../Core/Src/osd.c:108:6:osd_upload_font	16	static
../Core/Src/osd.c:117:9:osd_read	24	static
../Core/Src/osd.c:129:6:osd_init	16	static
../Core/Src/osd.c:140:6:osd_enable	16	static
../Core/Src/osd.c:151:6:osd_clear_screen	8	static
